\BOOKMARK [0][-]{part*.2}{\376\377\000I\000.\000\040\000B\000\366\000l\000\374\000m\000\040\040\024\000\040\000S\000o\000r\000u\000n\000,\000\040\000v\000e\000\040\000b\000u\000\040\000b\000i\000r\000\040\000b\000i\000y\000o\000l\000o\000j\000i\000\040\000s\000o\000r\000u\000n\000u}{}% 1
\BOOKMARK [1][-]{section.1}{\376\377\0001\000\040\000B\000e\001\137\000\040\000m\000i\000l\000y\000a\000r\000\040\000h\000\374\000c\000r\000e\000\040\000a\000r\000a\000s\001\061\000n\000d\000a\000\040\000b\000i\000r\000\040\000h\000\374\000c\000r\000e\000\040\000b\000u\000l\000m\000a\000k}{part*.2}% 2
\BOOKMARK [1][-]{section.2}{\376\377\0002\000\040\000B\000i\000r\000\040\000f\000i\000z\000i\000k\000\347\000i\000\040\000i\000\347\000i\000n\000\040\000h\000\374\000c\000r\000e\000\040\000n\000e\000d\000i\000r}{part*.2}% 3
\BOOKMARK [0][-]{part*.5}{\376\377\000I\000I\000.\000\040\000B\000\366\000l\000\374\000m\000\040\040\024\000\040\000H\000i\000l\000e\000,\000\040\000v\000e\000\040\000b\000u\000\040\000b\000i\000r\000\040\000f\000i\000z\000i\000k}{}% 4
\BOOKMARK [1][-]{section.3}{\376\377\0003\000\040\000S\000e\000s\000\040\000s\001\061\000k\001\061\001\137\000t\001\061\000r\000m\000a\000k\000t\001\061\000r}{part*.5}% 5
\BOOKMARK [1][-]{section.4}{\376\377\0004\000\040\000D\000u\000r\000a\000n\000\040\000d\000a\000l\000g\000a\000l\000a\000r\000:\000\040\000h\000i\000\347\000b\000i\000r\000\040\001\137\000e\000y\000i\000n\000\040\000k\001\061\000m\001\061\000l\000d\000a\000m\000a\000d\001\061\001\037\001\061\000\040\000y\000e\000r}{part*.5}% 6
\BOOKMARK [1][-]{section.5}{\376\377\0005\000\040\000D\000u\000r\000a\000n\000\040\000d\000a\000l\000g\000a\000\040\000n\000e\000d\000e\000n\000\040\000b\000i\000r\000\040\001\137\000e\000y\000i\000\040\000i\000t\000e\000r}{part*.5}% 7
\BOOKMARK [1][-]{section.6}{\376\377\0006\000\040\000K\000o\000n\000t\000r\000a\000s\000t\000\040\000f\000a\000k\000t\000\366\000r\000\374\000:\000\040\000i\000k\000i\000\040\000s\000o\000r\000u\000,\000\040\000t\000e\000k\000\040\000s\000a\000y\001\061}{part*.5}% 8
\BOOKMARK [1][-]{section.7}{\376\377\0007\000\040\000B\000\374\000t\000\374\000n\000\040\000c\000i\000h\000a\000z\001\061\000n\000\040\000\374\000z\000e\000r\000i\000n\000e\000\040\000k\000u\000r\000u\000l\000d\000u\001\037\000u\000\040\000t\000e\000k\000\040\000d\000e\000n\000k\000l\000e\000m}{part*.5}% 9
\BOOKMARK [1][-]{section.8}{\376\377\0008\000\040\000B\000o\000y\000u\000t\000\040\000n\000e\000d\000e\000n\000\040\000k\000a\000z\000a\000n\001\061\000r\000:\000\040\000r\0002\000\040\000y\000a\000s\000a\000s\001\061}{part*.5}% 10
\BOOKMARK [1][-]{section.9}{\376\377\0009\000\040\000S\000e\000s\000\040\000n\000e\000r\000e\000d\000e\000n\000\040\000g\000e\000l\000i\000y\000o\000r\000:\000\040\000\347\000i\000p\000\040\000\374\000z\000e\000r\000i\000n\000d\000e\000\040\000b\000i\000r\000\040\000d\000e\000p\000r\000e\000m}{part*.5}% 11
\BOOKMARK [1][-]{section.10}{\376\377\0001\0000\000\040\000D\000e\000r\000s\000\040\000k\000i\000t\000a\000b\001\061\000\040\000f\000o\000r\000m\000\374\000l\000\374\000n\000\374\000n\000\040\000b\000u\000r\000a\000d\000a\000\040\000y\000a\000n\000l\001\061\001\137\000\040\000y\000a\000p\000t\001\061\001\037\001\061\000\040\000i\000k\000i\000\040\001\137\000e\000y}{part*.5}% 12
\BOOKMARK [2][-]{subsection.10.1}{\376\377\0001\0000\000.\0001\000\040\000C\000e\000t\000v\000e\000l\000\040\000k\000r\000i\000s\000t\000a\000l\000d\000i\000r\000,\000\040\000s\000u\000\040\000d\000e\001\037\000i\000l}{section.10}% 13
\BOOKMARK [2][-]{subsection.10.2}{\376\377\0001\0000\000.\0002\000\040\000S\000e\000s\000\040\000k\000a\000n\000a\000l\001\061\000\040\000d\000\374\000m\000d\000\374\000z\000\040\000k\000e\000s\000i\000p\000\040\000g\000e\000\347\000m\000i\000y\000o\000r}{section.10}% 14
\BOOKMARK [1][-]{section.11}{\376\377\0001\0001\000\040\000D\000\374\001\137\000\374\000k\000\040\000R\000e\000y\000n\000o\000l\000d\000s\000\040\000s\000a\000y\001\061\000s\001\061\000n\000d\000a\000\040\000y\000a\001\137\000a\000m\000:\000\040\000s\000u\000\040\000b\000a\000l\000d\001\061\000r}{part*.5}% 15
\BOOKMARK [1][-]{section.12}{\376\377\0001\0002\000\040\000S\001\061\000v\001\061\000\040\000n\000a\000s\001\061\000l\000\040\000a\000k\001\061\000y\000o\000r\000:\000\040\000p\000a\000r\000a\000b\000o\000l}{part*.5}% 16
\BOOKMARK [1][-]{section.13}{\376\377\0001\0003\000\040\000S\001\061\000c\000a\000k\000l\001\061\000k\000:\000\040\000s\000e\000s\000s\000i\000z\000c\000e\000\040\000y\000o\000k\000\040\000s\000a\000y\001\061\000l\000a\000n\000\040\000d\000e\001\037\000i\001\137\000k\000e\000n}{part*.5}% 17
\BOOKMARK [1][-]{section.14}{\376\377\0001\0004\000\040\000H\000\374\000c\000r\000e\000l\000e\000r\000\040\000b\000u\000\040\000i\001\137\000l\000e\000m\000d\000e\000n\000\040\000s\000a\001\037\000\040\000\347\001\061\000k\001\061\000y\000o\000r\000\040\000m\000u\000?}{part*.5}% 18
\BOOKMARK [0][-]{part*.10}{\376\377\000I\000I\000I\000.\000\040\000B\000\366\000l\000\374\000m\000\040\040\024\000\040\000H\000\374\000c\000r\000e\000l\000e\000r\000i\000\040\000e\000l\000e\000k\000t\000r\000i\000k\000l\000e\000\040\000s\000a\000y\000m\000a\000k}{}% 19
\BOOKMARK [1][-]{section.15}{\376\377\0001\0005\000\040\000H\000\374\000c\000r\000e\000\040\000k\000\374\000\347\000\374\000c\000\374\000k\000\040\000b\000i\000r\000\040\000y\000a\000l\001\061\000t\000k\000a\000n\000d\001\061\000r}{part*.10}% 20
\BOOKMARK [1][-]{section.16}{\376\377\0001\0006\000\040\000E\000m\000p\000e\000d\000a\000n\000s\001\061\000\040\000b\000\374\000y\000\374\000m\000e\000\040\000e\001\037\000r\000i\000s\000i\000n\000e\000\040\000\347\000e\000v\000i\000r\000m\000e\000k}{part*.10}% 21
\BOOKMARK [1][-]{section.17}{\376\377\0001\0007\000\040\000I\000C\0005\0000\000:\000\040\000b\000i\000r\000\040\000i\000l\000a\000c\001\061\000n\000\040\000k\000e\000n\000d\000i\000s\000i\000y\000l\000e\000\040\000y\000a\000r\000g\001\061\000l\000a\000n\000d\001\061\001\037\001\061\000\040\000s\000a\000y\001\061}{part*.10}% 22
\BOOKMARK [0][-]{part*.14}{\376\377\000I\000V\000.\000\040\000B\000\366\000l\000\374\000m\000\040\040\024\000\040\000R\000e\000s\000i\000m\000l\000e\000r\000e\000\040\000b\000a\000k\000m\000a\000k}{}% 23
\BOOKMARK [1][-]{section.18}{\376\377\0001\0008\000\040\000B\000i\000r\000\040\000g\000\366\000r\000\374\000n\000t\000\374\000d\000e\000\040\000h\000\374\000c\000r\000e\000\040\000b\000u\000l\000m\000a\000k}{part*.14}% 24
\BOOKMARK [1][-]{section.19}{\376\377\0001\0009\000\040\000S\000a\000y\000m\000a\000k\000,\000\040\000v\000e\000\040\0001\0000\0000\000\040\000h\000\374\000c\000r\000e\000n\000i\000n\000\040\000n\000e\000d\000e\000n\000\040\000p\000m\000\045\0001\0000\000\040\000d\000e\000m\000e\000k\000\040\000o\000l\000d\000u\001\037\000u}{part*.14}% 25
\BOOKMARK [1][-]{section.20}{\376\377\0002\0000\000\040\000H\000\374\000c\000r\000e\000l\000e\000r\000i\000\040\000z\000a\000m\000a\000n\000\040\000i\000\347\000i\000n\000d\000e\000\040\000i\000z\000l\000e\000m\000e\000k}{part*.14}% 26
\BOOKMARK [0][-]{part*.16}{\376\377\000V\000.\000\040\000B\000\366\000l\000\374\000m\000\040\040\024\000\040\000B\000i\000l\000g\000i\000s\000a\000y\000a\000r\000\040\000b\000u\000n\000u\000\040\000n\000a\000s\001\061\000l\000\040\000\347\000\366\000z\000\374\000y\000o\000r}{}% 27
\BOOKMARK [1][-]{section.21}{\376\377\0002\0001\000\040\000B\000u\000n\000u\000\040\000n\000e\000d\000e\000n\000\040\000k\000a\000l\000e\000m\000l\000e\000\040\000y\000a\000p\000a\000m\000a\000z\000s\001\061\000n\001\061\000z}{part*.16}% 28
\BOOKMARK [1][-]{section.22}{\376\377\0002\0002\000\040\000S\000o\000n\000l\000u\000\040\000e\000l\000e\000m\000a\000n\000l\000a\000r\000:\000\040\000\374\000\347\000g\000e\000n\000l\000e\000r\000e\000\040\000b\000\366\000l}{part*.16}% 29
\BOOKMARK [1][-]{section.23}{\376\377\0002\0003\000\040\000H\000\374\000c\000r\000e\000l\000e\000r\000i\000\040\000h\000a\000r\000e\000k\000e\000t\000\040\000e\000t\000t\000i\000r\000m\000e\000k}{part*.16}% 30
\BOOKMARK [1][-]{section.24}{\376\377\0002\0004\000\040\000K\000o\000d\000u\000n\000\040\000d\000o\001\037\000r\000u\000\040\000o\000l\000d\000u\001\037\000u\000n\000u\000\040\000n\000e\000r\000e\000d\000e\000n\000\040\000b\000i\000l\000i\000y\000o\000r\000s\000u\000n\000u\000z\000?}{part*.16}% 31
\BOOKMARK [1][-]{section.25}{\376\377\0002\0005\000\040\000B\000i\000r\000\040\000s\000a\000y\001\061\000y\000a\000\040\000n\000e\000\040\000k\000a\000d\000a\000r\000\040\000g\000\374\000v\000e\000n\000m\000e\000l\000i}{part*.16}% 32
\BOOKMARK [0][-]{part*.23}{\376\377\000V\000I\000.\000\040\000B\000\366\000l\000\374\000m\000\040\040\024\000\040\000S\000a\000y\001\061\000l\000a\000r\000\040\000v\000e\000\040\000s\001\061\000n\001\061\000r\000l\000a\000m\000a\000l\000a\000r}{}% 33
\BOOKMARK [1][-]{section.26}{\376\377\0002\0006\000\040\000V\000a\000r\000s\000a\000y\001\061\000l\000a\000n\000\040\000d\000e\000n\000e\000y\000d\000e\000k\000i\000\040\000h\000e\000r\000\040\000s\000a\000y\001\061}{part*.23}% 34
\BOOKMARK [1][-]{section.27}{\376\377\0002\0007\000\040\000N\000e\000l\000e\000r\000\040\000v\000a\000r\000s\000a\000y\001\061\000l\000d\001\061\000,\000\040\000n\000e\000l\000e\000r\000\040\000y\000a\000n\000l\001\061\001\137}{part*.23}% 35
\BOOKMARK [1][-]{section.28}{\376\377\0002\0008\000\040\000H\000e\000r\000\040\001\137\000e\000y\000\040\000t\000e\000k\000\040\000s\000a\000y\000f\000a\000d\000a}{part*.23}% 36
\BOOKMARK [1][-]{appendix.A}{\376\377\000A\000\040\000T\000e\000k\000\040\000\347\000i\000z\000e\000l\000g\000e\000d\000e\000\040\000b\000\374\000t\000\374\000n\000\040\000s\000i\000m\000g\000e\000l\000e\000r}{part*.23}% 37
\BOOKMARK [1][-]{appendix.B}{\376\377\000B\000\040\000B\000i\000r\000i\000m\000l\000e\000r\000l\000e\000\040\000d\000\374\001\137\000\374\000n\000m\000e\000y\000e\000n\000l\000e\000r\000\040\000i\000\347\000i\000n}{part*.23}% 38
\BOOKMARK [1][-]{appendix.C}{\376\377\000C\000\040\000H\000e\000r\000\040\000f\000i\000k\000i\000r\000\040\000n\000e\000r\000e\000d\000e\000n\000\040\000g\000e\000l\000d\000i}{part*.23}% 39
