\BOOKMARK [0][-]{part*.2}{\376\377\000P\000a\000r\000t\000\040\000I\000\040\040\024\000\040\000T\000h\000e\000\040\000p\000r\000o\000b\000l\000e\000m\000,\000\040\000w\000h\000i\000c\000h\000\040\000i\000s\000\040\000a\000\040\000b\000i\000o\000l\000o\000g\000y\000\040\000p\000r\000o\000b\000l\000e\000m}{}% 1
\BOOKMARK [1][-]{section.1}{\376\377\0001\000\040\000F\000i\000n\000d\000i\000n\000g\000\040\000o\000n\000e\000\040\000c\000e\000l\000l\000\040\000i\000n\000\040\000f\000i\000v\000e\000\040\000b\000i\000l\000l\000i\000o\000n}{part*.2}% 2
\BOOKMARK [1][-]{section.2}{\376\377\0002\000\040\000W\000h\000a\000t\000\040\000a\000\040\000c\000e\000l\000l\000\040\000i\000s\000,\000\040\000t\000o\000\040\000a\000\040\000p\000h\000y\000s\000i\000c\000i\000s\000t}{part*.2}% 3
\BOOKMARK [0][-]{part*.5}{\376\377\000P\000a\000r\000t\000\040\000I\000I\000\040\040\024\000\040\000T\000h\000e\000\040\000t\000r\000i\000c\000k\000,\000\040\000w\000h\000i\000c\000h\000\040\000i\000s\000\040\000p\000h\000y\000s\000i\000c\000s}{}% 4
\BOOKMARK [1][-]{section.3}{\376\377\0003\000\040\000S\000o\000u\000n\000d\000\040\000i\000s\000\040\000s\000q\000u\000e\000e\000z\000i\000n\000g}{part*.5}% 5
\BOOKMARK [1][-]{section.4}{\376\377\0004\000\040\000S\000t\000a\000n\000d\000i\000n\000g\000\040\000w\000a\000v\000e\000s\000:\000\040\000t\000h\000e\000\040\000p\000a\000r\000t\000\040\000w\000h\000e\000r\000e\000\040\000n\000o\000t\000h\000i\000n\000g\000\040\000m\000o\000v\000e\000s}{part*.5}% 6
\BOOKMARK [1][-]{section.5}{\376\377\0005\000\040\000W\000h\000y\000\040\000a\000\040\000s\000t\000a\000n\000d\000i\000n\000g\000\040\000w\000a\000v\000e\000\040\000p\000u\000s\000h\000e\000s\000\040\000t\000h\000i\000n\000g\000s}{part*.5}% 7
\BOOKMARK [1][-]{section.6}{\376\377\0006\000\040\000T\000h\000e\000\040\000c\000o\000n\000t\000r\000a\000s\000t\000\040\000f\000a\000c\000t\000o\000r\000:\000\040\000t\000w\000o\000\040\000q\000u\000e\000s\000t\000i\000o\000n\000s\000,\000\040\000o\000n\000e\000\040\000n\000u\000m\000b\000e\000r}{part*.5}% 8
\BOOKMARK [1][-]{section.7}{\376\377\0007\000\040\000T\000h\000e\000\040\000o\000n\000e\000\040\000e\000q\000u\000a\000t\000i\000o\000n\000\040\000t\000h\000e\000\040\000w\000h\000o\000l\000e\000\040\000d\000e\000v\000i\000c\000e\000\040\000r\000e\000s\000t\000s\000\040\000o\000n}{part*.5}% 9
\BOOKMARK [1][-]{section.8}{\376\377\0008\000\040\000W\000h\000y\000\040\000s\000i\000z\000e\000\040\000w\000i\000n\000s\000:\000\040\000t\000h\000e\000\040\000r\0002\000\040\000l\000a\000w}{part*.5}% 10
\BOOKMARK [1][-]{section.9}{\376\377\0009\000\040\000W\000h\000e\000r\000e\000\040\000t\000h\000e\000\040\000s\000o\000u\000n\000d\000\040\000c\000o\000m\000e\000s\000\040\000f\000r\000o\000m\000:\000\040\000a\000n\000\040\000e\000a\000r\000t\000h\000q\000u\000a\000k\000e\000\040\000o\000n\000\040\000a\000\040\000c\000h\000i\000p}{part*.5}% 11
\BOOKMARK [1][-]{section.10}{\376\377\0001\0000\000\040\000T\000w\000o\000\040\000t\000h\000i\000n\000g\000s\000\040\000t\000h\000e\000\040\000t\000e\000x\000t\000b\000o\000o\000k\000\040\000f\000o\000r\000m\000u\000l\000a\000\040\000g\000e\000t\000s\000\040\000w\000r\000o\000n\000g\000\040\000h\000e\000r\000e}{part*.5}% 12
\BOOKMARK [2][-]{subsection.10.1}{\376\377\0001\0000\000.\0001\000\040\000T\000h\000e\000\040\000r\000u\000l\000e\000r\000\040\000i\000s\000\040\000t\000h\000e\000\040\000c\000r\000y\000s\000t\000a\000l\000,\000\040\000n\000o\000t\000\040\000t\000h\000e\000\040\000w\000a\000t\000e\000r}{section.10}% 13
\BOOKMARK [2][-]{subsection.10.2}{\376\377\0001\0000\000.\0002\000\040\000T\000h\000e\000\040\000s\000o\000u\000n\000d\000\040\000d\000o\000e\000s\000\040\000n\000o\000t\000\040\000t\000r\000a\000v\000e\000l\000\040\000s\000t\000r\000a\000i\000g\000h\000t\000\040\000a\000c\000r\000o\000s\000s}{section.10}% 14
\BOOKMARK [1][-]{section.11}{\376\377\0001\0001\000\040\000L\000i\000f\000e\000\040\000a\000t\000\040\000l\000o\000w\000\040\000R\000e\000y\000n\000o\000l\000d\000s\000\040\000n\000u\000m\000b\000e\000r\000:\000\040\000w\000a\000t\000e\000r\000\040\000i\000s\000\040\000h\000o\000n\000e\000y}{part*.5}% 15
\BOOKMARK [1][-]{section.12}{\376\377\0001\0002\000\040\000H\000o\000w\000\040\000t\000h\000e\000\040\000l\000i\000q\000u\000i\000d\000\040\000f\000l\000o\000w\000s\000:\000\040\000t\000h\000e\000\040\000p\000a\000r\000a\000b\000o\000l\000a}{part*.5}% 16
\BOOKMARK [0][-]{part*.10}{\376\377\000P\000a\000r\000t\000\040\000I\000I\000I\000\040\040\024\000\040\000C\000o\000u\000n\000t\000i\000n\000g\000\040\000c\000e\000l\000l\000s\000\040\000w\000i\000t\000h\000\040\000e\000l\000e\000c\000t\000r\000i\000c\000i\000t\000y}{}% 17
\BOOKMARK [1][-]{section.13}{\376\377\0001\0003\000\040\000A\000\040\000c\000e\000l\000l\000\040\000i\000s\000\040\000a\000\040\000t\000i\000n\000y\000\040\000i\000n\000s\000u\000l\000a\000t\000o\000r}{part*.10}% 18
\BOOKMARK [1][-]{section.14}{\376\377\0001\0004\000\040\000T\000u\000r\000n\000i\000n\000g\000\040\000i\000m\000p\000e\000d\000a\000n\000c\000e\000\040\000i\000n\000t\000o\000\040\000a\000\040\000g\000r\000o\000w\000t\000h\000\040\000c\000u\000r\000v\000e}{part*.10}% 19
\BOOKMARK [1][-]{section.15}{\376\377\0001\0005\000\040\000I\000C\0005\0000\000:\000\040\000t\000h\000e\000\040\000n\000u\000m\000b\000e\000r\000\040\000a\000\040\000d\000r\000u\000g\000\040\000i\000s\000\040\000j\000u\000d\000g\000e\000d\000\040\000b\000y}{part*.10}% 20
\BOOKMARK [0][-]{part*.14}{\376\377\000P\000a\000r\000t\000\040\000I\000V\000\040\040\024\000\040\000L\000o\000o\000k\000i\000n\000g\000\040\000a\000t\000\040\000p\000i\000c\000t\000u\000r\000e\000s}{}% 21
\BOOKMARK [1][-]{section.16}{\376\377\0001\0006\000\040\000F\000i\000n\000d\000i\000n\000g\000\040\000c\000e\000l\000l\000s\000\040\000i\000n\000\040\000a\000n\000\040\000i\000m\000a\000g\000e}{part*.14}% 22
\BOOKMARK [1][-]{section.17}{\376\377\0001\0007\000\040\000C\000o\000u\000n\000t\000i\000n\000g\000,\000\040\000a\000n\000d\000\040\000w\000h\000y\000\040\0001\0000\0000\000\040\000c\000e\000l\000l\000s\000\040\000m\000e\000a\000n\000s\000\040\000p\000m\0001\0000\000\045}{part*.14}% 23
\BOOKMARK [1][-]{section.18}{\376\377\0001\0008\000\040\000F\000o\000l\000l\000o\000w\000i\000n\000g\000\040\000c\000e\000l\000l\000s\000\040\000o\000v\000e\000r\000\040\000t\000i\000m\000e}{part*.14}% 24
\BOOKMARK [0][-]{part*.16}{\376\377\000P\000a\000r\000t\000\040\000V\000\040\040\024\000\040\000H\000o\000w\000\040\000a\000\040\000c\000o\000m\000p\000u\000t\000e\000r\000\040\000s\000o\000l\000v\000e\000s\000\040\000i\000t}{}% 25
\BOOKMARK [1][-]{section.19}{\376\377\0001\0009\000\040\000W\000h\000y\000\040\000y\000o\000u\000\040\000c\000a\000n\000n\000o\000t\000\040\000d\000o\000\040\000t\000h\000i\000s\000\040\000w\000i\000t\000h\000\040\000a\000\040\000p\000e\000n}{part*.16}% 26
\BOOKMARK [1][-]{section.20}{\376\377\0002\0000\000\040\000F\000i\000n\000i\000t\000e\000\040\000e\000l\000e\000m\000e\000n\000t\000s\000:\000\040\000c\000h\000o\000p\000\040\000i\000t\000\040\000i\000n\000t\000o\000\040\000t\000r\000i\000a\000n\000g\000l\000e\000s}{part*.16}% 27
\BOOKMARK [1][-]{section.21}{\376\377\0002\0001\000\040\000M\000o\000v\000i\000n\000g\000\040\000t\000h\000e\000\040\000c\000e\000l\000l\000s}{part*.16}% 28
\BOOKMARK [1][-]{section.22}{\376\377\0002\0002\000\040\000H\000o\000w\000\040\000d\000o\000\040\000y\000o\000u\000\040\000k\000n\000o\000w\000\040\000t\000h\000e\000\040\000c\000o\000d\000e\000\040\000i\000s\000\040\000r\000i\000g\000h\000t\000?}{part*.16}% 29
\BOOKMARK [0][-]{part*.21}{\376\377\000P\000a\000r\000t\000\040\000V\000I\000\040\040\024\000\040\000T\000h\000e\000\040\000n\000u\000m\000b\000e\000r\000s\000\040\000a\000n\000d\000\040\000t\000h\000e\000\040\000l\000i\000m\000i\000t\000a\000t\000i\000o\000n\000s}{}% 30
\BOOKMARK [1][-]{section.23}{\376\377\0002\0003\000\040\000E\000v\000e\000r\000y\000\040\000n\000u\000m\000b\000e\000r\000\040\000i\000n\000\040\000t\000h\000e\000\040\000d\000e\000f\000a\000u\000l\000t\000\040\000e\000x\000p\000e\000r\000i\000m\000e\000n\000t}{part*.21}% 31
\BOOKMARK [1][-]{section.24}{\376\377\0002\0004\000\040\000W\000h\000a\000t\000\040\000i\000s\000\040\000a\000s\000s\000u\000m\000e\000d\000,\000\040\000a\000n\000d\000\040\000w\000h\000a\000t\000\040\000i\000s\000\040\000w\000r\000o\000n\000g}{part*.21}% 32
\BOOKMARK [1][-]{section.25}{\376\377\0002\0005\000\040\000T\000h\000e\000\040\000w\000h\000o\000l\000e\000\040\000t\000h\000i\000n\000g\000\040\000o\000n\000\040\000o\000n\000e\000\040\000p\000a\000g\000e}{part*.21}% 33
\BOOKMARK [1][-]{appendix.A}{\376\377\000A\000\040\000E\000v\000e\000r\000y\000\040\000s\000y\000m\000b\000o\000l\000,\000\040\000i\000n\000\040\000o\000n\000e\000\040\000t\000a\000b\000l\000e}{part*.21}% 34
\BOOKMARK [1][-]{appendix.B}{\376\377\000B\000\040\000U\000n\000i\000t\000s\000,\000\040\000f\000o\000r\000\040\000p\000e\000o\000p\000l\000e\000\040\000w\000h\000o\000\040\000d\000o\000\040\000n\000o\000t\000\040\000t\000h\000i\000n\000k\000\040\000i\000n\000\040\000t\000h\000e\000m}{part*.21}% 35
\BOOKMARK [1][-]{appendix.C}{\376\377\000C\000\040\000W\000h\000e\000r\000e\000\040\000e\000a\000c\000h\000\040\000i\000d\000e\000a\000\040\000c\000a\000m\000e\000\040\000f\000r\000o\000m}{part*.21}% 36
